// Jest Snapshot v1, https://goo.gl/fbAQLP

exports[`<Header /> should render a div 1`] = `
<div>
  <img
    alt="react-boilerplate - Logo"
    class="Img-sc-9pa8on-0 eepIiv"
    src="IMAGE_MOCK"
  />
  <div
    class="NavBar-sc-3b48xb-0 gNugXo"
  >
    <a
      class="HeaderLinkSecondary-sc-1ah3fcn-0 fLLrlo"
      href="/"
    >
      <span>
        Home
      </span>
    </a>
    <a
      class="HeaderLinkSecondary-sc-1ah3fcn-0 fLLrlo"
      href="/search"
    >
      <span>
        Search
      </span>
    </a>
  </div>
</div>
`;
